
> eliza@ build /root/eliza
> turbo run build "--filter" "@elizaos/plugin-bootstrap"

turbo 2.4.4

• Packages in scope: @elizaos/plugin-bootstrap
• Running build in 1 packages
• Remote caching disabled
@elizaos/core:build: cache miss, executing ea4b8268e7e4a067
@elizaos/core:build: 
@elizaos/core:build: > @elizaos/core@0.25.9 prebuild /root/eliza/packages/core
@elizaos/core:build: > rimraf dist
@elizaos/core:build: 
@elizaos/core:build: 
@elizaos/core:build: > @elizaos/core@0.25.9 build /root/eliza/packages/core
@elizaos/core:build: > tsup --format esm,cjs --dts
@elizaos/core:build: 
@elizaos/core:build: CLI Building entry: src/index.ts
@elizaos/core:build: CLI Using tsconfig: tsconfig.json
@elizaos/core:build: CLI tsup v8.3.5
@elizaos/core:build: CLI Using tsup config: /root/eliza/packages/core/tsup.config.ts
@elizaos/core:build: CLI Target: node18
@elizaos/core:build: CLI Cleaning output folder
@elizaos/core:build: ESM Build start
@elizaos/core:build: CJS Build start
@elizaos/core:build: DTS Build start
@elizaos/core:build: ESM dist/index.js     216.72 KB
@elizaos/core:build: ESM dist/index.js.map 507.63 KB
@elizaos/core:build: ESM ⚡️ Build success in 1895ms
@elizaos/core:build: CJS dist/index.cjs     232.64 KB
@elizaos/core:build: CJS dist/index.cjs.map 446.15 KB
@elizaos/core:build: CJS ⚡️ Build success in 1927ms
