Processed 223 files (6.9s) (40 warnings)


✖ Skipped 40 files

./public-api.js.js.js
./utils/module-path.js.js.js
../../core/dist/public-api
./types.js.js.js
./api/types.js.js.js
./database/CircuitBreaker.js.js.js
./logger.js.js.js
./models.js.js.js
./settings.js.js.js
./localembeddingManager.js.js.js
./parsing.js.js.js
./actions.js.js.js
./context.js.js.js
./evaluators.js.js.js
./generation.js.js.js
./goals.js.js.js
./internal/logger-internal.js.js.js
./knowledge-bridge.js.js.js
./memory.js.js.js
./messages.js.js.js
./posts.js.js.js
./providers.js.js.js
./ragknowledge.js.js.js
./uuid.js.js.js
./embedding.js.js.js
../types
./logger-internal.js.js.js
./knowledge.js.js.js
./runtime.js.js.js
./database.js.js.js
../types.js.js.js
../database.js.js.js
../models.js.js.js
../runtime.js.js.js
./constants.js.js.js
@elizaos/adapter-sqljs
@elizaos/adapter-supabase
@elizaos/adapter-pglite
@supabase/supabase-js
@electric-sql/pglite

