# Invalid Declaration Map Log

## @elizaos/adapter-sqlite

No .d.ts files found in dist directory.

## @elizaos/agent

No .d.ts files found in dist directory.

## cli

No dist directory found.

## @elizaos/client-direct

No .d.ts files found in dist directory.

## @elizaos-plugins/clients

No dist directory found.

## @elizaos/core

No .d.ts files found in dist directory.

## @elizaos/dynamic-imports

No .d.ts files found in dist directory.

## @elizaos/plugin-bootstrap

Found 17 .d.ts files in dist directory.

Declaration map files: 17

index.d.ts exists: Yes
public-api.d.ts exists: Yes

## @elizaos/telegram-multiagent

No .d.ts files found in dist directory.

